// Jest Snapshot v1, https://goo.gl/fbAQLP

exports[`ecoflow-in Node should convert Delta2Max JSON payload 1`] = `
[
  {
    "payload": {
      "cmdFunc": 0,
      "cmdId": 0,
      "data": {
        "bms_kitInfo_kitNum": 2,
        "bms_kitInfo_version": 1,
        "bms_kitInfo_watts0": 119,
        "bms_kitInfo_watts1": 0,
      },
      "deviceSn": "R351Z00000000000",
      "msgType": "2",
      "payloadVer": "1.0",
      "timestamp": 1711646267,
    },
    "topic": "/app/device/property/R351Z00000000000",
  },
  {
    "payload": {
      "cmdFunc": 0,
      "cmdId": 0,
      "data": {
        "bms_bmsStatus_actSoc": 23,
        "bms_bmsStatus_allBmsFault": 0,
        "bms_bmsStatus_allErrCode": 0,
        "bms_bmsStatus_amp": -12,
        "bms_bmsStatus_balanceState": 0,
        "bms_bmsStatus_bmsFault": 0,
        "bms_bmsStatus_bmsHeartVer": 259,
        "bms_bmsStatus_bqSysStatReg": 0,
        "bms_bmsStatus_caleSoh": 0,
        "bms_bmsStatus_cellId": 2,
        "bms_bmsStatus_chgCap": 4294967295,
        "bms_bmsStatus_chgState": 1,
        "bms_bmsStatus_cycSoh": 99,
        "bms_bmsStatus_cycles": 6,
        "bms_bmsStatus_designCap": 40000,
        "bms_bmsStatus_diffSoc": 1,
        "bms_bmsStatus_dsgCap": 4294967295,
        "bms_bmsStatus_errCode": 0,
        "bms_bmsStatus_f32ShowSoc": 21.9,
        "bms_bmsStatus_fullCap": 39280,
        "bms_bmsStatus_inputWatts": 0,
        "bms_bmsStatus_maxCellTemp": 27,
        "bms_bmsStatus_maxCellVol": 3262,
        "bms_bmsStatus_maxMosTemp": 30,
        "bms_bmsStatus_maxVolDiff": 6,
        "bms_bmsStatus_minCellTemp": 26,
        "bms_bmsStatus_minCellVol": 3256,
        "bms_bmsStatus_minMosTemp": 25,
        "bms_bmsStatus_num": 0,
        "bms_bmsStatus_openBmsIdx": 5,
        "bms_bmsStatus_outputWatts": 0,
        "bms_bmsStatus_productDetail": 2,
        "bms_bmsStatus_productType": 81,
        "bms_bmsStatus_realSoh": 0,
        "bms_bmsStatus_remainCap": 8967,
        "bms_bmsStatus_remainTime": 0,
        "bms_bmsStatus_soc": 22,
        "bms_bmsStatus_soh": 100,
        "bms_bmsStatus_sysState": 2,
        "bms_bmsStatus_tagChgAmp": 40000,
        "bms_bmsStatus_targetSoc": 21.8,
        "bms_bmsStatus_temp": 27,
        "bms_bmsStatus_type": 1,
        "bms_bmsStatus_vol": 52271,
      },
      "deviceSn": "R351Z00000000000",
      "msgType": "2",
      "payloadVer": "1.0",
      "timestamp": 1711646267,
    },
    "topic": "/app/device/property/R351Z00000000000",
  },
  {
    "payload": {
      "cmdFunc": 0,
      "cmdId": 0,
      "data": {
        "bms_slave_bmsSlaveStatus_2_amp": -471,
        "bms_slave_bmsSlaveStatus_2_balanceState": 0,
        "bms_slave_bmsSlaveStatus_2_bmsFault": 0,
        "bms_slave_bmsSlaveStatus_2_bmsHeartVer": 0,
        "bms_slave_bmsSlaveStatus_2_bqSysStatReg": 0,
        "bms_slave_bmsSlaveStatus_2_cellId": 2,
        "bms_slave_bmsSlaveStatus_2_cycles": 0,
        "bms_slave_bmsSlaveStatus_2_designCap": 40000,
        "bms_slave_bmsSlaveStatus_2_ecloudOcv": 0,
        "bms_slave_bmsSlaveStatus_2_errCode": 0,
        "bms_slave_bmsSlaveStatus_2_f32ShowSoc": 22.9,
        "bms_slave_bmsSlaveStatus_2_fullCap": 39280,
        "bms_slave_bmsSlaveStatus_2_inputWatts": 0,
        "bms_slave_bmsSlaveStatus_2_maxCellTemp": 24,
        "bms_slave_bmsSlaveStatus_2_maxCellVol": 3257,
        "bms_slave_bmsSlaveStatus_2_maxMosTemp": 25,
        "bms_slave_bmsSlaveStatus_2_maxVolDiff": 3,
        "bms_slave_bmsSlaveStatus_2_minCellTemp": 23,
        "bms_slave_bmsSlaveStatus_2_minCellVol": 3254,
        "bms_slave_bmsSlaveStatus_2_minMosTemp": 24,
        "bms_slave_bmsSlaveStatus_2_mosState": 3,
        "bms_slave_bmsSlaveStatus_2_num": 2,
        "bms_slave_bmsSlaveStatus_2_openBmsIdx": 5,
        "bms_slave_bmsSlaveStatus_2_outputWatts": 24,
        "bms_slave_bmsSlaveStatus_2_remainCap": 9002,
        "bms_slave_bmsSlaveStatus_2_remainTime": 1149,
        "bms_slave_bmsSlaveStatus_2_soc": 23,
        "bms_slave_bmsSlaveStatus_2_soh": 100,
        "bms_slave_bmsSlaveStatus_2_tagChgAmp": 40000,
        "bms_slave_bmsSlaveStatus_2_temp": 23,
        "bms_slave_bmsSlaveStatus_2_type": 1,
        "bms_slave_bmsSlaveStatus_2_vol": 51919,
      },
      "deviceSn": "R351Z00000000000",
      "msgType": "4",
      "payloadVer": "1.0",
      "timestamp": 1711646267,
    },
    "topic": "/app/device/property/R351Z00000000000",
  },
  {
    "payload": {
      "cmdFunc": 0,
      "cmdId": 0,
      "data": {
        "bms_slave_bmsSlaveStatus_2_f32ShowSoc": 22.9,
        "bms_slave_bmsSlaveStatus_2_vol": 51918,
      },
      "deviceSn": "R351Z00000000000",
      "msgType": "4",
      "payloadVer": "1.0",
      "timestamp": 1711646267,
    },
    "topic": "/app/device/property/R351Z00000000000",
  },
  {
    "payload": {
      "cmdFunc": 0,
      "cmdId": 0,
      "data": {
        "pd_XT150Watts1": 119,
        "pd_XT150Watts2": -24,
        "pd_acAutoOnCfg": 0,
        "pd_acAutoPause": 0,
        "pd_beepMode": 0,
        "pd_bpPowerSoc": 22,
        "pd_brightLevel": 100,
        "pd_carState": 0,
        "pd_carTemp": 46,
        "pd_carUsedTime": 2822,
        "pd_carWatts": 0,
        "pd_chgDsgState": 1,
        "pd_chgPowerAC": 1270,
        "pd_chgPowerDC": 4599,
        "pd_chgSunPower": 0,
        "pd_dcOutState": 0,
        "pd_dsgPowerAC": 1256,
        "pd_dsgPowerDC": 70,
        "pd_errCode": 0,
        "pd_hysteresisAdd": 5,
        "pd_invInWatts": 0,
        "pd_invOutWatts": 0,
        "pd_invUsedTime": 6610,
        "pd_lcdOffSec": 30,
        "pd_minAcSoc": 20,
        "pd_model": 4,
        "pd_mpptUsedTime": 0,
        "pd_newAcAutoOnCfg": 0,
        "pd_otherKitState": 0,
        "pd_pv1ChargeType": 2,
        "pd_pv1ChargeWatts": 79,
        "pd_pv2ChargeType": 0,
        "pd_pv2ChargeWatts": 0,
        "pd_pvChargePrioSet": 0,
        "pd_qcUsb1Watts": 0,
        "pd_qcUsb2Watts": 0,
        "pd_relaySwitchCnt": 1,
        "pd_remainTime": 1200,
        "pd_soc": 22,
        "pd_standbyMin": 0,
        "pd_typec1Temp": 25,
        "pd_typec1Watts": 0,
        "pd_typec2Temp": 25,
        "pd_typec2Watts": 0,
        "pd_typecUsedTime": 56,
        "pd_usb1Watts": 0,
        "pd_usb2Watts": 0,
        "pd_usbUsedTime": 51,
        "pd_usbqcUsedTime": 58,
        "pd_watchIsConfig": 1,
        "pd_wattsInSum": 103,
        "pd_wattsOutSum": 117,
        "pd_wifiAutoRcvy": 0,
        "pd_wifiRssi": 0,
        "pd_wireWatts": 0,
      },
      "deviceSn": "R351Z00000000000",
      "msgType": "1",
      "payloadVer": "1.0",
      "timestamp": 1711646267,
    },
    "topic": "/app/device/property/R351Z00000000000",
  },
  {
    "payload": {
      "cmdFunc": 0,
      "cmdId": 0,
      "data": {
        "mppt_carOutAmp": 30,
        "mppt_carOutVol": 0,
        "mppt_carOutWatts": 0,
        "mppt_carStandbyMin": 60,
        "mppt_carState": 0,
        "mppt_carTemp": 45,
        "mppt_cfgChgType": 0,
        "mppt_chgPauseFlag": 0,
        "mppt_chgState": 1,
        "mppt_chgType": 2,
        "mppt_dc24vState": 0,
        "mppt_dc24vTemp": 42,
        "mppt_dcChgCurrent": 8000,
        "mppt_dcdc12vAmp": 0,
        "mppt_dcdc12vVol": 0,
        "mppt_dcdc12vWatts": 0,
        "mppt_faultCode": 0,
        "mppt_inAmp": 2101,
        "mppt_inVol": 37847,
        "mppt_inWatts": 79,
        "mppt_mpptTemp": 57,
        "mppt_outAmp": 1346,
        "mppt_outVol": 51605,
        "mppt_outWatts": 69,
        "mppt_pv2CfgChgType": 0,
        "mppt_pv2ChgPauseFlag": 0,
        "mppt_pv2ChgState": 0,
        "mppt_pv2ChgType": 0,
        "mppt_pv2DcChgCurrent": 8000,
        "mppt_pv2InAmp": 0,
        "mppt_pv2InVol": 49,
        "mppt_pv2InWatts": 0,
        "mppt_pv2MpptTemp": 56,
        "mppt_pv2Xt60ChgType": 0,
        "mppt_x60ChgType": 0,
      },
      "deviceSn": "R351Z00000000000",
      "msgType": "5",
      "payloadVer": "1.0",
      "timestamp": 1711646267,
    },
    "topic": "/app/device/property/R351Z00000000000",
  },
  {
    "payload": {
      "cmdFunc": 0,
      "cmdId": 0,
      "data": {
        "inv_FastChgWatts": 2400,
        "inv_SlowChgWatts": 400,
        "inv_acChgRatedPower": 2400,
        "inv_acDipSwitch": 1,
        "inv_acInAmp": 0,
        "inv_acInFreq": 0,
        "inv_acInVol": 0,
        "inv_acPassbyAutoEn": 0,
        "inv_cfgAcEnabled": 0,
        "inv_cfgAcOutFreq": 1,
        "inv_cfgAcOutVol": 230000,
        "inv_cfgAcWorkMode": 0,
        "inv_cfgAcXboost": 0,
        "inv_chargerType": 0,
        "inv_chgPauseFlag": 0,
        "inv_dcInAmp": 0,
        "inv_dcInTemp": 32,
        "inv_dcInVol": 0,
        "inv_dischargeType": 0,
        "inv_errCode": 0,
        "inv_fanState": 0,
        "inv_inputWatts": 0,
        "inv_invOutAmp": 0,
        "inv_invOutFreq": 0,
        "inv_invOutVol": 0,
        "inv_invType": 8,
        "inv_outTemp": 32,
        "inv_outputWatts": 0,
        "inv_prBalanceMode": 0,
        "inv_standbyMin": 30,
      },
      "deviceSn": "R351Z00000000000",
      "msgType": "3",
      "payloadVer": "1.0",
      "timestamp": 1711646271,
    },
    "topic": "/app/device/property/R351Z00000000000",
  },
  {
    "payload": {
      "cmdFunc": 0,
      "cmdId": 0,
      "data": {
        "bms_emsStatus_bmsModel": 4,
        "bms_emsStatus_bmsWarState": 0,
        "bms_emsStatus_chgAmp": 60000,
        "bms_emsStatus_chgCmd": 1,
        "bms_emsStatus_chgDisCond": 0,
        "bms_emsStatus_chgLinePlug": 36,
        "bms_emsStatus_chgRemainTime": 5999,
        "bms_emsStatus_chgState": 1,
        "bms_emsStatus_chgVol": 54263,
        "bms_emsStatus_dsgCmd": 1,
        "bms_emsStatus_dsgDisCond": 0,
        "bms_emsStatus_dsgRemainTime": 1200,
        "bms_emsStatus_emsIsNormalFlag": 1,
        "bms_emsStatus_emsVer": 259,
        "bms_emsStatus_f32LcdShowSoc": 22.4,
        "bms_emsStatus_fanLevel": 0,
        "bms_emsStatus_lcdShowSoc": 22,
        "bms_emsStatus_maxAvailNum": 2,
        "bms_emsStatus_maxChargeSoc": 92,
        "bms_emsStatus_maxCloseOilEb": 100,
        "bms_emsStatus_minDsgSoc": 15,
        "bms_emsStatus_minOpenOilEb": 0,
        "bms_emsStatus_openBmsIdx": 5,
        "bms_emsStatus_openUpsFlag": 1,
        "bms_emsStatus_paraVolMax": 52953,
        "bms_emsStatus_paraVolMin": 50953,
        "bms_emsStatus_sysChgDsgState": 0,
      },
      "deviceSn": "R351Z00000000000",
      "msgType": "2",
      "payloadVer": "1.0",
      "timestamp": 1711646267,
    },
    "topic": "/app/device/property/R351Z00000000000",
  },
  {
    "payload": {
      "bms_bmsStatus_f32ShowSoc": 21.9,
      "bms_bmsStatus_vol": 52.271,
      "bms_emsStatus_f32LcdShowSoc": 22.4,
      "bms_kitInfo_watts0": 119,
      "bms_kitInfo_watts1": 0,
      "deviceSn": "R351Z00000000000",
      "inv_inputWatts": 0,
      "inv_outputWatts": 0,
      "mppt_inWatts": 79,
      "mppt_pv2InWatts": 0,
      "mppt_pvInputWatts": 79,
    },
    "topic": "/app/device/property/R351Z00000000000/aggregated",
  },
]
`;

exports[`ecoflow-in Node should convert PowerStream binary payload 1`] = `
[
  {
    "payload": {
      "cmdFunc": 20,
      "cmdId": 1,
      "data": {
        "batInputVolt": 537,
        "invOutputCur": 712,
        "invOutputWatts": 1425,
        "llcOpVolt": 4408,
        "pv1InputVolt": 348,
        "pv1InputWatts": 485,
        "pv1OpVolt": 3458,
        "pv2InputVolt": 339,
        "pv2InputWatts": 1985,
        "pv2OpVolt": 3391,
      },
      "deviceSn": "HW51ZEH000000000",
      "msgType": "InverterHeartbeat",
      "payloadVer": 3,
      "version": 3,
    },
    "topic": "/ecoflow/powerstream",
  },
  {
    "payload": {
      "cmdFunc": 20,
      "cmdId": 4,
      "data": {
        "X_Unknown_15": 866,
        "X_Unknown_16": -8,
        "X_Unknown_17": 569070,
        "X_Unknown_18": 56240,
        "X_Unknown_24": 7976,
        "X_Unknown_27": 7976,
        "gridWatt_45": 1418,
        "uptime": 8024,
      },
      "deviceSn": "HW51ZEH000000000",
      "msgType": "InverterHeartbeat2",
      "payloadVer": 3,
      "version": 3,
    },
    "topic": "/ecoflow/powerstream",
  },
  {
    "payload": {
      "cmdFunc": 20,
      "cmdId": 1,
      "data": {
        "batInputWatts": -924,
        "invOutputWatts": 1418,
        "pv1InputVolt": 343,
        "pv1OpVolt": 3433,
        "pv2InputVolt": 343,
        "pv2OpVolt": 3439,
      },
      "deviceSn": "HW51ZEH000000000",
      "msgType": "InverterHeartbeat",
      "payloadVer": 3,
      "version": 3,
    },
    "topic": "/ecoflow/powerstream",
  },
  {
    "payload": {
      "cmdFunc": 20,
      "cmdId": 4,
      "data": {
        "X_Unknown_15": 843,
        "X_Unknown_17": 569240,
        "X_Unknown_24": 7973,
        "gridWatt_45": 1409,
        "uptime": 8018,
      },
      "deviceSn": "HW51ZEH000000000",
      "msgType": "InverterHeartbeat2",
      "payloadVer": 3,
      "version": 3,
    },
    "topic": "/ecoflow/powerstream",
  },
  {
    "payload": {
      "batInputVolt": 53.7,
      "batInputWatts": -92.4,
      "deviceSn": "HW51ZEH000000000",
      "invOutputWatts": 141.8,
      "pv1InputWatts": 48.5,
      "pv1OpVolt": 343.3,
      "pv2InputWatts": 198.5,
      "pv2OpVolt": 343.9,
      "pvInputWatts": 239.6,
    },
    "topic": "/ecoflow/powerstream/aggregated",
  },
]
`;
